*** Using Compiler 'V5.06 update 7 (build 960)', folder: 'D:\KEIL\Core\ARM\ARMCC\Bin'
Build target 'ZET6_CAR'
assembling startup_stm32f103xe.s...
compiling NRF24L01.c...
compiling stm32f1xx_hal.c...
compiling spi.c...
compiling stm32f1xx_it.c...
compiling stm32f1xx_hal_pwr.c...
compiling stm32f1xx_hal_spi.c...
compiling stm32f1xx_hal_rcc_ex.c...
compiling stm32f1xx_hal_dma.c...
compiling stm32f1xx_hal_gpio_ex.c...
compiling stm32f1xx_hal_msp.c...
compiling stm32f1xx_hal_cortex.c...
compiling stm32f1xx_hal_gpio.c...
compiling main.c...
compiling gpio.c...
compiling stm32f1xx_hal_rcc.c...
compiling stm32f1xx_hal_exti.c...
compiling system_stm32f1xx.c...
compiling stm32f1xx_hal_flash_ex.c...
compiling stm32f1xx_hal_flash.c...
linking...
Program Size: Code=4428 RO-data=380 RW-data=24 ZI-data=1752  
FromELF: creating hex file...
"ZET6_CAR\ZET6_CAR.axf" - 0 Error(s), 0 Warning(s).
Build Time Elapsed:  00:00:04
